// Jest Snapshot v1, https://goo.gl/fbAQLP

exports[`InstDetaljerView renders correctly 1`] = `
<DocumentFragment>
  <div>
    <div
      class="detaljer__tittel"
    >
      <h2
        class="navds-heading navds-heading--small"
      >
        VIK FENGSEL
      </h2>
      <p
        class="navds-body-short"
      >
        Organisasjonsnummer 974 736 942
      </p>
    </div>
    <hr
      class="box__linje-bred"
    />
    <div
      class="box"
    >
      <div
        class="box__content"
      >
        <dl
          class="list-column-2"
        >
          <div
            class="list-item"
          >
            <div
              class="listelement__header"
            >
              <dt>
                <p
                  class="navds-label"
                >
                  Institusjonstype
                </p>
              </dt>
            </div>
            <div
              class="content "
            >
              <dd>
                FO
              </dd>
            </div>
            <p
              class="navds-body-short"
            />
          </div>
          <div
            class="list-item"
          >
            <div
              class="listelement__header"
            >
              <dt>
                <p
                  class="navds-label"
                >
                  Periode
                </p>
              </dt>
            </div>
            <div
              class="content "
            >
              <dd>
                <div
                  class="inst__periode"
                >
                  13.06.2017 - 15.09.2017
                </div>
              </dd>
            </div>
            <p
              class="navds-body-short"
            />
          </div>
        </dl>
      </div>
    </div>
  </div>
</DocumentFragment>
`;
