// Jest Snapshot v1, https://goo.gl/fbAQLP

exports[`Adresser renders correctly 1`] = `
<DocumentFragment>
  <div
    class="box__wrapper"
    id="adresser"
  >
    <div
      class="navds-guide-panel navds-guide-panel--poster"
    >
      <div
        class="navds-guide"
      >
        <div
          class="navds-guide__illustration navds-guide__illustration--medium"
        >
          <img
            alt=""
            class="box__ikon"
            src="Adresse.svg"
          />
        </div>
      </div>
      <div
        class="navds-guide-panel__content"
      >
        <div
          class="box__container"
        >
          <div
            class="box__header"
          >
            <div
              class="box__title-container"
            >
              <div
                class="box__line"
              />
              <h2
                class="box__title navds-heading navds-heading--medium"
              >
                Adresser
              </h2>
              <button
                aria-label="Les mer om denne seksjonen."
                aria-pressed="false"
                class="infotekst__title-i-button"
              >
                <img
                  alt=""
                  class="infotekst__title-i-icon"
                  src="Informasjonstekst.svg"
                />
              </button>
              <div
                class="box__line"
              />
            </div>
            <a
              aria-label="Direktelenke til denne seksjonen"
              class="navds-link anchor-link"
              href="#adresser"
            >
              <img
                alt=""
                src="AnchorLink.svg"
              />
              Lenke hit
            </a>
          </div>
          <div
            class="box__content"
          >
            <div
              class="adresse__box"
            >
              <div>
                <div
                  class="underseksjon__header"
                >
                  <h3
                    class="navds-heading navds-heading--small"
                  >
                    Adresser som er registert i Folkeregisteret
                  </h3>
                </div>
                <div
                  class="adresse__box"
                >
                  <div
                    class="underseksjon__header"
                  >
                    <h4
                      class="navds-heading navds-heading--xsmall"
                    >
                      Bostedsadresse
                    </h4>
                  </div>
                  <div
                    class="adresse__linje"
                  >
                    <p
                      class="navds-body-short"
                    >
                      V/ Aremark Jr
                    </p>
                  </div>
                  <div
                    class="adresse__linje"
                  >
                    <p
                      class="navds-body-short"
                    >
                      JØRGENSENVEIEN 14 B
                    </p>
                  </div>
                  <div
                    class="adresse__linje"
                  >
                    <p
                      class="navds-body-short"
                    >
                      0194 OSLO
                    </p>
                  </div>
                  <div
                    class="navds-read-more navds-read-more--medium adresse__lesmer"
                  >
                    <button
                      aria-expanded="false"
                      class="navds-read-more__button navds-body-short"
                      type="button"
                    >
                      <svg
                        aria-hidden="true"
                        class="navds-read-more__expand-icon"
                        fill="none"
                        focusable="false"
                        height="1em"
                        role="img"
                        viewBox="0 0 24 24"
                        width="1em"
                        xmlns="http://www.w3.org/2000/svg"
                      >
                        <path
                          clip-rule="evenodd"
                          d="M12 17.414 4.293 9.707l1.414-1.414L12 14.586l6.293-6.293 1.414 1.414L12 17.414Z"
                          fill="currentColor"
                          fill-rule="evenodd"
                        />
                      </svg>
                      <svg
                        aria-hidden="true"
                        class="navds-read-more__expand-icon navds-read-more__expand-icon--filled"
                        fill="none"
                        focusable="false"
                        height="1em"
                        role="img"
                        viewBox="0 0 24 24"
                        width="1em"
                        xmlns="http://www.w3.org/2000/svg"
                      >
                        <path
                          clip-rule="evenodd"
                          d="m12 18.121-8.06-8.06 2.12-2.122L12 13.88l5.94-5.94 2.12 2.122L12 18.12Z"
                          fill="currentColor"
                          fill-rule="evenodd"
                        />
                      </svg>
                      <span>
                        Vis detaljer
                      </span>
                    </button>
                    <div
                      style="height: 0px; overflow: hidden;"
                    >
                      <div
                        aria-hidden="true"
                        style="display: none;"
                      >
                        <div
                          class="navds-read-more__content navds-body-long"
                        >
                          <dl
                            class="list address-columns"
                          >
                            <div
                              class="list-item"
                            >
                              <dt>
                                <span
                                  class="navds-label"
                                >
                                  Bolignummer
                                </span>
                              </dt>
                              <dd>
                                H0301
                              </dd>
                            </div>
                            <div
                              class="list-item"
                            >
                              <dt>
                                <span
                                  class="navds-label"
                                >
                                  Kommune
                                </span>
                              </dt>
                              <dd>
                                EVJE OG HORNNES
                              </dd>
                            </div>
                            <div
                              class="list-item"
                            >
                              <dt>
                                <span
                                  class="navds-label"
                                >
                                  Flyttedato
                                </span>
                              </dt>
                              <dd>
                                14.07.2020
                              </dd>
                            </div>
                          </dl>
                        </div>
                      </div>
                    </div>
                  </div>
                  <div
                    class="adresse__divider"
                  />
                </div>
                <div
                  class="adresse__box"
                >
                  <div
                    class="underseksjon__header"
                  >
                    <h4
                      class="navds-heading navds-heading--xsmall"
                    >
                      Delt bosted
                    </h4>
                  </div>
                  <div
                    class="adresse__linje"
                  >
                    <p
                      class="navds-body-short"
                    >
                      V/ Aremark Jr
                    </p>
                  </div>
                  <div
                    class="adresse__linje"
                  >
                    <p
                      class="navds-body-short"
                    >
                      JØRGENSENVEIEN 14 B
                    </p>
                  </div>
                  <div
                    class="adresse__linje"
                  >
                    <p
                      class="navds-body-short"
                    >
                      0194 OSLO
                    </p>
                  </div>
                  <div
                    class="navds-read-more navds-read-more--medium adresse__lesmer"
                  >
                    <button
                      aria-expanded="false"
                      class="navds-read-more__button navds-body-short"
                      type="button"
                    >
                      <svg
                        aria-hidden="true"
                        class="navds-read-more__expand-icon"
                        fill="none"
                        focusable="false"
                        height="1em"
                        role="img"
                        viewBox="0 0 24 24"
                        width="1em"
                        xmlns="http://www.w3.org/2000/svg"
                      >
                        <path
                          clip-rule="evenodd"
                          d="M12 17.414 4.293 9.707l1.414-1.414L12 14.586l6.293-6.293 1.414 1.414L12 17.414Z"
                          fill="currentColor"
                          fill-rule="evenodd"
                        />
                      </svg>
                      <svg
                        aria-hidden="true"
                        class="navds-read-more__expand-icon navds-read-more__expand-icon--filled"
                        fill="none"
                        focusable="false"
                        height="1em"
                        role="img"
                        viewBox="0 0 24 24"
                        width="1em"
                        xmlns="http://www.w3.org/2000/svg"
                      >
                        <path
                          clip-rule="evenodd"
                          d="m12 18.121-8.06-8.06 2.12-2.122L12 13.88l5.94-5.94 2.12 2.122L12 18.12Z"
                          fill="currentColor"
                          fill-rule="evenodd"
                        />
                      </svg>
                      <span>
                        Vis detaljer
                      </span>
                    </button>
                    <div
                      style="height: 0px; overflow: hidden;"
                    >
                      <div
                        aria-hidden="true"
                        style="display: none;"
                      >
                        <div
                          class="navds-read-more__content navds-body-long"
                        >
                          <dl
                            class="list address-columns"
                          >
                            <div
                              class="list-item"
                            >
                              <dt>
                                <span
                                  class="navds-label"
                                >
                                  Bolignummer
                                </span>
                              </dt>
                              <dd>
                                H0301
                              </dd>
                            </div>
                            <div
                              class="list-item"
                            >
                              <dt>
                                <span
                                  class="navds-label"
                                >
                                  Kommune
                                </span>
                              </dt>
                              <dd>
                                EVJE OG HORNNES
                              </dd>
                            </div>
                          </dl>
                        </div>
                      </div>
                    </div>
                  </div>
                  <div
                    class="adresse__divider"
                  />
                </div>
                <div
                  class="adresse__box"
                >
                  <div
                    class="underseksjon__header"
                  >
                    <h4
                      class="navds-heading navds-heading--xsmall"
                    >
                      Oppholdsadresse
                    </h4>
                  </div>
                  <div
                    class="adresse__linje"
                  >
                    <p
                      class="navds-body-short"
                    >
                      V/ Aremark Jr
                    </p>
                  </div>
                  <div
                    class="adresse__linje"
                  >
                    <p
                      class="navds-body-short"
                    >
                      JØRGENSENVEIEN 14 B
                    </p>
                  </div>
                  <div
                    class="adresse__linje"
                  >
                    <p
                      class="navds-body-short"
                    >
                      0194 OSLO
                    </p>
                  </div>
                  <div
                    class="adresse__divider"
                  />
                </div>
                <div
                  class="kilde__container"
                >
                  <p
                    class="navds-body-long"
                  >
                    <a
                      class="navds-link kilde__lenke lenke"
                      href="https://www.skatteetaten.no/person/folkeregister/flytte/"
                    >
                      <span
                        class="kilde__icon"
                      >
                        <img
                          alt=""
                          src="Link.svg"
                        />
                      </span>
                      Endre adresse i Folkeregisteret
                    </a>
                  </p>
                  <div
                    class="kilde__tekst"
                  >
                    <p
                      class="navds-detail"
                    >
                      Kilde: Folkeregisteret
                    </p>
                  </div>
                </div>
              </div>
              <div
                class="underseksjon__header underseksjon__divider"
              >
                <h3
                  class="navds-heading navds-heading--small"
                >
                  Øvrige registrerte adresser
                </h3>
              </div>
              <div
                class="adresse__box"
              >
                <div
                  class="underseksjon__header"
                >
                  <h4
                    class="navds-heading navds-heading--xsmall"
                  >
                    Kontaktadresse registrert hos NAV
                  </h4>
                </div>
                <div
                  class="adresse__linje"
                >
                  <p
                    class="navds-body-short"
                  >
                    V/ Aremark Jr
                  </p>
                </div>
                <div
                  class="adresse__linje"
                >
                  <p
                    class="navds-body-short"
                  >
                    Postboks 10 Sørstrand
                  </p>
                </div>
                <div
                  class="adresse__linje"
                >
                  <p
                    class="navds-body-short"
                  >
                    0194 OSLO
                  </p>
                </div>
                <div
                  class="navds-read-more navds-read-more--medium adresse__lesmer"
                >
                  <button
                    aria-expanded="false"
                    class="navds-read-more__button navds-body-short"
                    type="button"
                  >
                    <svg
                      aria-hidden="true"
                      class="navds-read-more__expand-icon"
                      fill="none"
                      focusable="false"
                      height="1em"
                      role="img"
                      viewBox="0 0 24 24"
                      width="1em"
                      xmlns="http://www.w3.org/2000/svg"
                    >
                      <path
                        clip-rule="evenodd"
                        d="M12 17.414 4.293 9.707l1.414-1.414L12 14.586l6.293-6.293 1.414 1.414L12 17.414Z"
                        fill="currentColor"
                        fill-rule="evenodd"
                      />
                    </svg>
                    <svg
                      aria-hidden="true"
                      class="navds-read-more__expand-icon navds-read-more__expand-icon--filled"
                      fill="none"
                      focusable="false"
                      height="1em"
                      role="img"
                      viewBox="0 0 24 24"
                      width="1em"
                      xmlns="http://www.w3.org/2000/svg"
                    >
                      <path
                        clip-rule="evenodd"
                        d="m12 18.121-8.06-8.06 2.12-2.122L12 13.88l5.94-5.94 2.12 2.122L12 18.12Z"
                        fill="currentColor"
                        fill-rule="evenodd"
                      />
                    </svg>
                    <span>
                      Vis detaljer
                    </span>
                  </button>
                  <div
                    style="height: 0px; overflow: hidden;"
                  >
                    <div
                      aria-hidden="true"
                      style="display: none;"
                    >
                      <div
                        class="navds-read-more__content navds-body-long"
                      >
                        <dl
                          class="list address-columns"
                        >
                          <div
                            class="list-item"
                          >
                            <dt>
                              <span
                                class="navds-label"
                              >
                                Gyldig til og med
                              </span>
                            </dt>
                            <dd>
                              20.07.2020
                            </dd>
                          </div>
                        </dl>
                      </div>
                    </div>
                  </div>
                </div>
                <div
                  class="adresse__divider"
                />
              </div>
              <button
                class="adresse__slett-kontaktadresse knapp-med-ikon navds-button navds-button--tertiary navds-button--medium"
              >
                <span
                  aria-live="polite"
                  class="navds-label"
                >
                  <span
                    class="kilde__icon"
                  >
                    <img
                      alt="Ekstern lenke"
                      src="Slett.svg"
                    />
                  </span>
                  <p
                    class="navds-body-long"
                  >
                    Slett kontaktadresse
                  </p>
                </span>
              </button>
              <div
                class="kilde__container"
              >
                <div
                  class="kilde__tekst"
                >
                  <p
                    class="navds-detail"
                  >
                    Kilde: NAV
                  </p>
                </div>
              </div>
            </div>
          </div>
        </div>
      </div>
    </div>
  </div>
</DocumentFragment>
`;
