// Jest Snapshot v1, https://goo.gl/fbAQLP

exports[`DKIF renders correctly 1`] = `
<DocumentFragment>
  <div
    class="underseksjon__beskrivelse"
  >
    <p
      class="navds-body-short"
    >
      Du har 
      <b>
        ikke
      </b>
       reservert deg mot elektronisk kommunikasjon.
    </p>
  </div>
  <dl
    class="list-column-2"
  >
    <div
      class="list-item"
    >
      <div
        class="listelement__header"
      >
        <dt>
          <p
            class="navds-label"
          >
            Telefon
          </p>
        </dt>
      </div>
      <div
        class="content "
      >
        <dd>
          12131415
        </dd>
      </div>
      <p
        class="navds-body-short"
      />
    </div>
    <div
      class="list-item"
    >
      <div
        class="listelement__header"
      >
        <dt>
          <p
            class="navds-label"
          >
            Språk/målform
          </p>
        </dt>
      </div>
      <div
        class="content "
      >
        <dd>
          Norsk
        </dd>
      </div>
      <p
        class="navds-body-short"
      />
    </div>
    <div
      class="list-item"
    >
      <div
        class="listelement__header"
      >
        <dt>
          <p
            class="navds-label"
          >
            E-post
          </p>
        </dt>
      </div>
      <div
        class="content "
      >
        <dd>
          test@test.com
        </dd>
      </div>
      <p
        class="navds-body-short"
      />
    </div>
  </dl>
  <div
    class="kilde__container"
  >
    <p
      class="navds-body-long"
    >
      <a
        class="navds-link kilde__lenke lenke"
        href="https://brukerprofil.difi.no/minprofil"
      >
        <span
          class="kilde__icon"
        >
          <img
            alt=""
            src="Link.svg"
          />
        </span>
        Endre i Kontakt- og reservasjonsregisteret 
      </a>
    </p>
    <div
      class="kilde__tekst"
    >
      <p
        class="navds-detail"
      >
        Kilde: Kontakt - og reservasjonsregisteret
      </p>
    </div>
  </div>
</DocumentFragment>
`;

exports[`TelefonnummerHosNav renders correctly 1`] = `
<DocumentFragment>
  <div
    class="underseksjon__header"
  >
    <h3
      class="navds-heading navds-heading--small"
    >
      Telefonnummer registrert hos NAV
    </h3>
  </div>
  <div>
    <div
      class="tlfnummer__rad"
    >
      <div
        class="tlfnummer__container"
      >
        <div
          class="tlfnummer__verdi"
        >
          <p
            class="navds-label"
          >
            Telefon 
          </p>
          <p
            class="navds-body-short"
          >
            <span>
              +47 
            </span>
            408 53 158
          </p>
        </div>
        <div
          class="tlfnummer__knapper"
        >
          <button
            aria-label="Endre telefonnummer"
            class="knapp-med-ikon navds-button navds-button--tertiary navds-button--medium"
            type="button"
          >
            <span
              aria-live="polite"
              class="navds-label"
            >
              <div
                class="tlfnummer__knapp-ikon"
              >
                <img
                  alt=""
                  src="Pencil.svg"
                />
              </div>
              <div
                class="tlfnummer__knapp-tekst"
              >
                Endre
              </div>
            </span>
          </button>
          <button
            aria-label="Slett telefonnummer"
            class="knapp-med-ikon navds-button navds-button--tertiary navds-button--medium"
            type="button"
          >
            <span
              aria-live="polite"
              class="navds-label"
            >
              <div
                class="tlfnummer__knapp-ikon"
              >
                <img
                  alt=""
                  src="Slett.svg"
                />
              </div>
              <div
                class="tlfnummer__knapp-tekst"
              >
                Slett
              </div>
            </span>
          </button>
        </div>
      </div>
    </div>
  </div>
  <button
    aria-label="Legg til telefonnummer"
    class="tlfnummer__leggtil knapp-med-ikon lenke navds-button navds-button--tertiary navds-button--medium"
  >
    <span
      aria-live="polite"
      class="navds-label"
    >
      <span
        class="kilde__icon"
      >
        <img
          alt=""
          src="LeggTil.svg"
        />
      </span>
      <p
        class="navds-body-short"
      >
        Legg til
      </p>
    </span>
  </button>
  <div
    class="kilde__container"
  >
    <div
      class="kilde__tekst"
    >
      <p
        class="navds-detail"
      >
        Kilde: NAV
      </p>
    </div>
  </div>
</DocumentFragment>
`;
