// Jest Snapshot v1, https://goo.gl/fbAQLP

exports[`Personalia renders correctly 1`] = `
<DocumentFragment>
  <div
    class="box__wrapper"
    id="personalia"
  >
    <div
      class="navds-guide-panel navds-guide-panel--poster"
    >
      <div
        class="navds-guide"
      >
        <div
          class="navds-guide__illustration navds-guide__illustration--medium"
        >
          <img
            alt="Veileder"
            class="box__ikon"
            src="Personalia.svg"
          />
        </div>
      </div>
      <div
        class="navds-guide-panel__content"
      >
        <div
          class="box__container"
        >
          <div
            class="box__header"
          >
            <div
              class="box__title-container"
            >
              <div
                class="box__line"
              />
              <h2
                class="box__title navds-heading navds-heading--medium"
              >
                Personalia
              </h2>
              <button
                aria-label="Informasjonstekst"
                aria-pressed="false"
                class="infotekst__title-i-button"
                title="Informasjon"
              >
                <img
                  alt="Vis mer informasjon"
                  class="infotekst__title-i-icon"
                  src="Informasjonstekst.svg"
                />
              </button>
              <div
                class="box__line"
              />
            </div>
            <a
              class="navds-link anchor-link"
              href="#personalia"
            >
              <img
                alt=""
                src="AnchorLink.svg"
              />
              Lenke hit
            </a>
          </div>
          <div
            class="box__content"
          >
            <ul
              class="list-column-2"
            />
            <div
              class="kilde__container"
            >
              <p
                class="navds-body-long"
              >
                <a
                  class="navds-link kilde__lenke lenke"
                  href="https://www.skatteetaten.no/person/folkeregister/"
                >
                  <span
                    class="kilde__icon"
                  >
                    <img
                      alt="Ekstern lenke"
                      src="Link.svg"
                    />
                  </span>
                  Endre i Folkeregisteret
                </a>
              </p>
              <div
                class="kilde__tekst"
              >
                <p
                  class="navds-detail"
                >
                  Kilde: Folkeregisteret
                </p>
              </div>
            </div>
          </div>
        </div>
      </div>
    </div>
  </div>
</DocumentFragment>
`;
