// Jest Snapshot v1, https://goo.gl/fbAQLP

exports[`render LinkBox with content 1`] = `
<div
  className="panel box"
  id="pensjonsopptjening"
>
  <div
    className="box__header"
  >
    <h2
      className="typo-systemtittel"
    >
      Pensjon
    </h2>
  </div>
  <div
    className="box__content"
  >
    <div
      className="link-box-content"
    >
      <div
        className="link-info"
      >
        NAV har opplysninger om din pensjon i en egen tjeneste.
      </div>
      <a
        href="https://www.nav.no/no/Person/Pensjon/Hva+kan+jeg+fa+i+pensjon"
        rel="noopener noreferrer"
        target="_blank"
      >
        GÃ¥ til Din pensjon
      </a>
      <div
        className="box-footer link-footer"
      >
        Kilde: 
        Pensjonsregisteret
      </div>
    </div>
  </div>
</div>
`;
